=== M1 disable protocol-cardinality exception ===
F
======================================================================
FAIL: test_one_request_one_response_protocol_shape_is_not_numeric_claim (tests.test_run124_final_false_positive_editorial_calibration.Run124FinalCalibrationTests.test_one_request_one_response_protocol_shape_is_not_numeric_claim)
----------------------------------------------------------------------
Traceback (most recent call last):
  File "/mnt/data/run124_work/tests/test_run124_final_false_positive_editorial_calibration.py", line 31, in test_one_request_one_response_protocol_shape_is_not_numeric_claim
    self.assertFalse(any("1リクエスト" in item for item in failures), failures)
    ~~~~~~~~~~~~~~~~^^^^^^^^^^^^^^^^^^^^^^^^^^^^^^^^^^^^^^^^^^^^^^^^^^^^^^^^^^^
AssertionError: True is not false : ['unsupported numeric claim: 1リクエスト']

----------------------------------------------------------------------
Ran 1 test in 0.004s

FAILED (failures=1)
KILLED (PASS)
=== M2 remove WIMSE canonical alias ===
F
======================================================================
FAIL: test_wimse_full_name_is_supported_when_acronym_is_in_primary_source (tests.test_run124_final_false_positive_editorial_calibration.Run124FinalCalibrationTests.test_wimse_full_name_is_supported_when_acronym_is_in_primary_source)
----------------------------------------------------------------------
Traceback (most recent call last):
  File "/mnt/data/run124_work/tests/test_run124_final_false_positive_editorial_calibration.py", line 47, in test_wimse_full_name_is_supported_when_acronym_is_in_primary_source
    self.assertFalse(any("Multi-System Environments" in item for item in failures), failures)
    ~~~~~~~~~~~~~~~~^^^^^^^^^^^^^^^^^^^^^^^^^^^^^^^^^^^^^^^^^^^^^^^^^^^^^^^^^^^^^^^^^^^^^^^^^
AssertionError: True is not false : ['source-boundary unsupported named fact: Workload Identity, Multi-System Environments']

----------------------------------------------------------------------
Ran 1 test in 0.003s

FAILED (failures=1)
KILLED (PASS)
=== M3 disable editorial-register density gate ===
F
======================================================================
FAIL: test_real_esp32_style_register_stack_is_reviewed (tests.test_run124_final_false_positive_editorial_calibration.Run124FinalCalibrationTests.test_real_esp32_style_register_stack_is_reviewed)
----------------------------------------------------------------------
Traceback (most recent call last):
  File "/mnt/data/run124_work/tests/test_run124_final_false_positive_editorial_calibration.py", line 65, in test_real_esp32_style_register_stack_is_reviewed
    self.assertTrue(signals["editorial_register_dense"], signals)
    ~~~~~~~~~~~~~~~^^^^^^^^^^^^^^^^^^^^^^^^^^^^^^^^^^^^^^^^^^^^^^
AssertionError: False is not true : {'score': 0, 'high': False, 'glue_total': 0, 'repeated_glue': False, 'point_ending_count': 0, 'contrast_count': 0, 'enum_count': 0, 'template_heading_hits': 0, 'generic_heading_hits': 0, 'short_burst': False, 'uniform_sections': False, 'editorial_register_count': 5, 'editorial_register_distinct': 4, 'editorial_register_per_1000': 38.75968992248062, 'editorial_register_dense': False, 'editorial_register_companion': True, 'ordinal_framing_count': 0, 'evaluative_register_count': 2, 'explanatory_ending_count': 1, 'staged_framing_count': 2, 'invitational_close_count': 0, 'editorial_habit_types': 3}

----------------------------------------------------------------------
Ran 1 test in 0.005s

FAILED (failures=1)
KILLED (PASS)
