F
======================================================================
FAIL: test_exact_arxiv_identity_is_bound_but_replicate_docs_are_not (tests.test_run119_evidence_entity_binding.Run119EvidenceEntityBindingTests.test_exact_arxiv_identity_is_bound_but_replicate_docs_are_not)
----------------------------------------------------------------------
Traceback (most recent call last):
  File "/mnt/data/run119_work/tests/test_run119_evidence_entity_binding.py", line 22, in test_exact_arxiv_identity_is_bound_but_replicate_docs_are_not
    self.assertEqual('OFFICIAL_DOCS',rp['source_type']); self.assertEqual('UNBOUND',rp['entity_binding']); self.assertFalse(rp['decision_eligible'])
                                                                                                           ~~~~~~~~~~~~~~~~^^^^^^^^^^^^^^^^^^^^^^^^^
AssertionError: True is not false

----------------------------------------------------------------------
Ran 1 test in 0.001s

FAILED (failures=1)

[MUTATION] UNBOUND becomes eligible rc=1 expected_nonzero=true
F
======================================================================
FAIL: test_other_github_repo_cannot_bind (tests.test_run119_evidence_entity_binding.Run119EvidenceEntityBindingTests.test_other_github_repo_cannot_bind)
----------------------------------------------------------------------
Traceback (most recent call last):
  File "/mnt/data/run119_work/tests/test_run119_evidence_entity_binding.py", line 16, in test_other_github_repo_cannot_bind
    self.assertEqual('UNBOUND',out['entity_binding']); self.assertFalse(out['decision_eligible'])
    ~~~~~~~~~~~~~~~~^^^^^^^^^^^^^^^^^^^^^^^^^^^^^^^^^
AssertionError: 'UNBOUND' != 'IDENTITY_ANCHOR'
- UNBOUND
+ IDENTITY_ANCHOR


----------------------------------------------------------------------
Ran 1 test in 0.000s

FAILED (failures=1)

[MUTATION] any GitHub repo binds entity rc=1 expected_nonzero=true
F
======================================================================
FAIL: test_arxiv_external_zenodo_is_not_same_paper_by_default (tests.test_run119_evidence_entity_binding.Run119EvidenceEntityBindingTests.test_arxiv_external_zenodo_is_not_same_paper_by_default)
----------------------------------------------------------------------
Traceback (most recent call last):
  File "/mnt/data/run119_work/tests/test_run119_evidence_entity_binding.py", line 26, in test_arxiv_external_zenodo_is_not_same_paper_by_default
    self.assertFalse(out['decision_eligible']); self.assertEqual('UNBOUND',out['entity_binding'])
    ~~~~~~~~~~~~~~~~^^^^^^^^^^^^^^^^^^^^^^^^^^
AssertionError: True is not false

----------------------------------------------------------------------
Ran 1 test in 0.001s

FAILED (failures=1)

[MUTATION] arXiv external evidence binds rc=1 expected_nonzero=true
